// Jest Snapshot v1, https://goo.gl/fbAQLP

exports[`ErrorWidget  should match snapshot 1`] = `
<View
  style={
    Object {
      "backgroundColor": "white",
      "padding": 10,
    }
  }
>
  <Text
    style={
      Object {
        "alignSelf": "center",
        "fontSize": 16,
        "marginVertical": 20,
      }
    }
  >
    label
  </Text>
  <Text
    style={
      Object {
        "alignSelf": "center",
        "fontSize": 16,
        "marginVertical": 20,
      }
    }
  >
    This may be due to technical difficulty.
  </Text>
  <View
    accessibilityRole="button"
    accessible={true}
    collapsable={false}
    focusable={true}
    onClick={[Function]}
    onResponderGrant={[Function]}
    onResponderMove={[Function]}
    onResponderRelease={[Function]}
    onResponderTerminate={[Function]}
    onResponderTerminationRequest={[Function]}
    onStartShouldSetResponder={[Function]}
    style={
      Object {
        "opacity": 1,
      }
    }
    testID="tryAgain"
  >
    <View
      style={
        Array [
          Object {},
        ]
      }
    >
      <Text
        style={
          Array [
            Object {
              "color": "#007AFF",
              "fontSize": 18,
              "margin": 8,
              "textAlign": "center",
            },
          ]
        }
      >
        Try again
      </Text>
    </View>
  </View>
</View>
`;
