// Jest Snapshot v1, https://goo.gl/fbAQLP

exports[`CommentSection  should match snapshot 1`] = `
<View>
  <View
    style={
      Object {
        "backgroundColor": "rgb(246, 246, 239)",
        "marginVertical": 2,
        "paddingHorizontal": 10,
      }
    }
  >
    <Text
      style={
        Object {
          "fontSize": 16,
          "fontWeight": "bold",
        }
      }
    >
      -
      &gt;
       (
      cute_boi
      )
    </Text>
    <Text
      style={
        Object {
          "color": "grey",
          "fontSize": 15,
        }
      }
    >
      comment text
    </Text>
    <View
      style={
        Object {
          "backgroundColor": "rgb(246, 246, 239)",
          "marginVertical": 2,
          "paddingHorizontal": 10,
        }
      }
    >
      <Text
        style={
          Object {
            "fontSize": 16,
            "fontWeight": "bold",
          }
        }
      >
        -
        &gt;
         (
        commentNested1
        )
      </Text>
      <Text
        style={
          Object {
            "color": "grey",
            "fontSize": 15,
          }
        }
      >
        comment text
      </Text>
      <View
        style={
          Object {
            "backgroundColor": "rgb(246, 246, 239)",
            "marginVertical": 2,
            "paddingHorizontal": 10,
          }
        }
      >
        <Text
          style={
            Object {
              "fontSize": 16,
              "fontWeight": "bold",
            }
          }
        >
          -
          &gt;
           (
          commentNested2
          )
        </Text>
        <Text
          style={
            Object {
              "color": "grey",
              "fontSize": 15,
            }
          }
        >
          comment text
        </Text>
      </View>
    </View>
  </View>
  <View
    style={
      Object {
        "backgroundColor": "rgb(246, 246, 239)",
        "marginVertical": 2,
        "paddingHorizontal": 10,
      }
    }
  >
    <Text
      style={
        Object {
          "fontSize": 16,
          "fontWeight": "bold",
        }
      }
    >
      -
      &gt;
       (
      newComment
      )
    </Text>
    <Text
      style={
        Object {
          "color": "grey",
          "fontSize": 15,
        }
      }
    >
      comment text
    </Text>
  </View>
</View>
`;

exports[`CommentSection when feeds not downloaded should match snapshot 1`] = `<View />`;

exports[`CommentSection when no comments should match snapshot 1`] = `<View />`;
